    at moduleResolve (node:internal/modules/esm/resolve:853:18)
    at defaultResolve (node:internal/modules/esm/resolve:983:11)
    at ModuleLoader.defaultResolve (node:internal/modules/esm/loader:801:12)
    at #cachedDefaultResolve (node:internal/modules/esm/loader:725:25)
    at ModuleLoader.resolve (node:internal/modules/esm/loader:708:38)
    at ModuleLoader.getModuleJobForImport (node:internal/modules/esm/loader:309:38)
    at #link (node:internal/modules/esm/module_job:201:49) {
  code: 'ERR_MODULE_NOT_FOUND'
}

Node.js v24.2.0
princekumar@Princes-MacBook-Air FrechtechAI % clear 
princekumar@Princes-MacBook-Air FrechtechAI % npm run dev

> rest-express@1.0.0 dev
> NODE_ENV=development node server/index.js

node:internal/modules/package_json_reader:255
  throw new ERR_MODULE_NOT_FOUND(packageName, fileURLToPath(base), null);
        ^

Error [ERR_MODULE_NOT_FOUND]: Cannot find package '@shared/schema' imported from /Users/princekumar/Downloads/FrechtechAI/server/db.js
    at Object.getPackageJSONURL (node:internal/modules/package_json_reader:255:9)
    at packageResolve (node:internal/modules/esm/resolve:767:81)
    at moduleResolve (node:internal/modules/esm/resolve:853:18)
    at defaultResolve (node:internal/modules/esm/resolve:983:11)
    at ModuleLoader.defaultResolve (node:internal/modules/esm/loader:801:12)
    at #cachedDefaultResolve (node:internal/modules/esm/loader:725:25)
    at ModuleLoader.resolve (node:internal/modules/esm/loader:708:38)
    at ModuleLoader.getModuleJobForImport (node:internal/modules/esm/loader:309:38)
    at #link (node:internal/modules/esm/module_job:201:49) {
  code: 'ERR_MODULE_NOT_FOUND'
}

Node.js v24.2.0
princekumar@Princes-MacBook-Air FrechtechAI % npm run dev

> rest-express@1.0.0 dev
> NODE_ENV=development node server/index.js

file:///Users/princekumar/Downloads/FrechtechAI/server/db.js:9
  throw new Error(
        ^

Error: DATABASE_URL must be set. Did you forget to provision a database?
    at file:///Users/princekumar/Downloads/FrechtechAI/server/db.js:9:9
    at ModuleJob.run (node:internal/modules/esm/module_job:358:25)
    at async onImport.tracePromise.__proto__ (node:internal/modules/esm/loader:665:26)
    at async asyncRunEntryPointWithESMLoader (node:internal/modules/run_main:99:5)

Node.js v24.2.0
princekumar@Princes-MacBook-Air FrechtechAI % npm run dev

> rest-express@1.0.0 dev
> NODE_ENV=development node server/index.js

node:internal/modules/esm/resolve:274
    throw new ERR_MODULE_NOT_FOUND(
          ^

Error [ERR_MODULE_NOT_FOUND]: Cannot find module '/Users/princekumar/Downloads/FrechtechAI/server/db.js' imported from /Users/princekumar/Downloads/FrechtechAI/server/storage.js
    at finalizeResolution (node:internal/modules/esm/resolve:274:11)
    at moduleResolve (node:internal/modules/esm/resolve:859:10)
    at defaultResolve (node:internal/modules/esm/resolve:983:11)
    at ModuleLoader.defaultResolve (node:internal/modules/esm/loader:801:12)
    at #cachedDefaultResolve (node:internal/modules/esm/loader:725:25)
    at ModuleLoader.resolve (node:internal/modules/esm/loader:708:38)
    at ModuleLoader.getModuleJobForImport (node:internal/modules/esm/loader:309:38)
    at #link (node:internal/modules/esm/module_job:201:49) {
  code: 'ERR_MODULE_NOT_FOUND',
  url: 'file:///Users/princekumar/Downloads/FrechtechAI/server/db.js'
}

Node.js v24.2.0
princekumar@Princes-MacBook-Air FrechtechAI % npm run dev

> rest-express@1.0.0 dev
> NODE_ENV=development node server/index.js

file:///Users/princekumar/Downloads/FrechtechAI/server/db.js:9
  throw new Error(
        ^

Error: DATABASE_URL must be set. Did you forget to provision a database?
    at file:///Users/princekumar/Downloads/FrechtechAI/server/db.js:9:9
    at ModuleJob.run (node:internal/modules/esm/module_job:358:25)
    at async onImport.tracePromise.__proto__ (node:internal/modules/esm/loader:665:26)
    at async asyncRunEntryPointWithESMLoader (node:internal/modules/run_main:99:5)

Node.js v24.2.0
princekumar@Princes-MacBook-Air FrechtechAI % 